/home/alejandra/Practica 1 Manipulador/ros2_ws/install/industrial_routines/lib/python3.12/site-packages/industrial_routines/programa3_pick_and_place.py
/home/alejandra/Practica 1 Manipulador/ros2_ws/install/industrial_routines/lib/python3.12/site-packages/industrial_routines/programa2_control_externo.py
/home/alejandra/Practica 1 Manipulador/ros2_ws/install/industrial_routines/lib/python3.12/site-packages/industrial_routines/__init__.py
/home/alejandra/Practica 1 Manipulador/ros2_ws/install/industrial_routines/lib/python3.12/site-packages/industrial_routines/programa1_iniciales.py
/home/alejandra/Practica 1 Manipulador/ros2_ws/install/industrial_routines/lib/python3.12/site-packages/industrial_routines/__pycache__/programa3_pick_and_place.cpython-312.pyc
/home/alejandra/Practica 1 Manipulador/ros2_ws/install/industrial_routines/lib/python3.12/site-packages/industrial_routines/__pycache__/programa2_control_externo.cpython-312.pyc
/home/alejandra/Practica 1 Manipulador/ros2_ws/install/industrial_routines/lib/python3.12/site-packages/industrial_routines/__pycache__/__init__.cpython-312.pyc
/home/alejandra/Practica 1 Manipulador/ros2_ws/install/industrial_routines/lib/python3.12/site-packages/industrial_routines/__pycache__/programa1_iniciales.cpython-312.pyc
/home/alejandra/Practica 1 Manipulador/ros2_ws/install/industrial_routines/share/ament_index/resource_index/packages/industrial_routines
/home/alejandra/Practica 1 Manipulador/ros2_ws/install/industrial_routines/share/industrial_routines/package.xml
/home/alejandra/Practica 1 Manipulador/ros2_ws/install/industrial_routines/lib/python3.12/site-packages/industrial_routines-0.0.0-py3.12.egg-info/top_level.txt
/home/alejandra/Practica 1 Manipulador/ros2_ws/install/industrial_routines/lib/python3.12/site-packages/industrial_routines-0.0.0-py3.12.egg-info/entry_points.txt
/home/alejandra/Practica 1 Manipulador/ros2_ws/install/industrial_routines/lib/python3.12/site-packages/industrial_routines-0.0.0-py3.12.egg-info/SOURCES.txt
/home/alejandra/Practica 1 Manipulador/ros2_ws/install/industrial_routines/lib/python3.12/site-packages/industrial_routines-0.0.0-py3.12.egg-info/zip-safe
/home/alejandra/Practica 1 Manipulador/ros2_ws/install/industrial_routines/lib/python3.12/site-packages/industrial_routines-0.0.0-py3.12.egg-info/PKG-INFO
/home/alejandra/Practica 1 Manipulador/ros2_ws/install/industrial_routines/lib/python3.12/site-packages/industrial_routines-0.0.0-py3.12.egg-info/requires.txt
/home/alejandra/Practica 1 Manipulador/ros2_ws/install/industrial_routines/lib/python3.12/site-packages/industrial_routines-0.0.0-py3.12.egg-info/dependency_links.txt
/home/alejandra/Practica 1 Manipulador/ros2_ws/install/industrial_routines/lib/industrial_routines/programa1
/home/alejandra/Practica 1 Manipulador/ros2_ws/install/industrial_routines/lib/industrial_routines/programa2
/home/alejandra/Practica 1 Manipulador/ros2_ws/install/industrial_routines/lib/industrial_routines/programa3
